'ElevenSquare.Pending.T03.Batch04.Case1465.Forward.Certificate.certificate_exists' depends on axioms: [propext,
 Classical.choice,
 Quot.sound]
'ElevenSquare.Pending.T03.Batch04.Case1465.Forward.IndependentReplay.Prefix012.boundary_binding' depends on axioms: [propext]
'ElevenSquare.Pending.T03.Batch04.Case1465.Forward.IndependentReplay.Prefix012.trace' depends on axioms: [propext,
 Classical.choice,
 Quot.sound]
'ElevenSquare.Pending.T03.Batch04.Case1465.Forward.IndependentReplay.Step013Trace.step_trace' depends on axioms: [propext,
 Classical.choice,
 Quot.sound]
'ElevenSquare.Pending.T03.Batch04.Case1465.Forward.IndependentReplay.Step014Trace.step_trace' depends on axioms: [propext,
 Classical.choice,
 Quot.sound]
'ElevenSquare.Pending.T03.Batch04.Case1465.Forward.IndependentReplay.Step015Trace.step_trace' depends on axioms: [propext,
 Classical.choice,
 Quot.sound]
'ElevenSquare.Pending.T03.Batch04.Case1465.Forward.IndependentReplay.Step016Trace.step_trace' depends on axioms: [propext,
 Classical.choice,
 Quot.sound]
'ElevenSquare.Pending.T03.Batch04.Case1465.Forward.IndependentReplay.Step017Trace.step_trace' depends on axioms: [propext,
 Classical.choice,
 Quot.sound]
'ElevenSquare.Pending.T03.Batch04.Case1465.Forward.IndependentReplay.Step018Trace.step_trace' depends on axioms: [propext,
 Classical.choice,
 Quot.sound]
'ElevenSquare.Pending.T03.Batch04.Case1465.Forward.IndependentReplay.Step019Trace.step_trace' depends on axioms: [propext,
 Classical.choice,
 Quot.sound]
'ElevenSquare.Pending.T03.Batch04.Case1465.Forward.IndependentReplay.Step020Trace.step_trace' depends on axioms: [propext,
 Classical.choice,
 Quot.sound]
'ElevenSquare.Pending.T03.Batch04.Case1465.Forward.IndependentReplay.Step021Trace.step_trace' depends on axioms: [propext,
 Classical.choice,
 Quot.sound]
'ElevenSquare.Pending.T03.Batch04.Case1465.Forward.IndependentReplay.Step022Trace.step_trace' depends on axioms: [propext,
 Classical.choice,
 Quot.sound]
'ElevenSquare.Pending.T03.Batch04.Case1465.Forward.IndependentReplay.Step023Trace.step_trace' depends on axioms: [propext,
 Classical.choice,
 Quot.sound]
'ElevenSquare.Pending.T03.Batch04.Case1465.Forward.IndependentReplay.Step024Trace.step_trace' depends on axioms: [propext,
 Classical.choice,
 Quot.sound]
'ElevenSquare.Pending.T03.Batch04.Case1465.Forward.IndependentReplay.Step025Trace.step_trace' depends on axioms: [propext,
 Classical.choice,
 Quot.sound]
'ElevenSquare.Pending.T03.Batch04.Case1465.Forward.IndependentReplay.Step026Trace.step_trace' depends on axioms: [propext,
 Classical.choice,
 Quot.sound]
'ElevenSquare.Pending.T03.Batch04.Case1465.Forward.IndependentReplay.Step027Trace.step_trace' depends on axioms: [propext,
 Classical.choice,
 Quot.sound]
'ElevenSquare.Pending.T03.Batch04.Case1465.Forward.IndependentReplay.Step028Trace.step_trace' depends on axioms: [propext,
 Classical.choice,
 Quot.sound]
'ElevenSquare.Pending.T03.Batch04.Case1465.Forward.IndependentReplay.Step029Trace.step_trace' depends on axioms: [propext,
 Classical.choice,
 Quot.sound]
'ElevenSquare.Pending.T03.Batch04.Case1465.Forward.IndependentReplay.Step030Trace.step_trace' depends on axioms: [propext,
 Classical.choice,
 Quot.sound]
'ElevenSquare.Pending.T03.Batch04.Case1465.Forward.IndependentReplay.Step031Trace.step_trace' depends on axioms: [propext,
 Classical.choice,
 Quot.sound]
'ElevenSquare.Pending.T03.Batch04.Case1465.Forward.IndependentReplay.Step032Trace.step_trace' depends on axioms: [propext,
 Classical.choice,
 Quot.sound]
'ElevenSquare.Pending.T03.Batch04.Case1465.Forward.IndependentReplay.Step033Trace.step_trace' depends on axioms: [propext,
 Classical.choice,
 Quot.sound]
'ElevenSquare.Pending.T03.Batch04.Case1465.Forward.IndependentReplay.Step034Trace.step_trace' depends on axioms: [propext,
 Classical.choice,
 Quot.sound]
'ElevenSquare.Pending.T03.Batch04.Case1465.Forward.IndependentReplay.Step035Trace.step_trace' depends on axioms: [propext,
 Classical.choice,
 Quot.sound]
'ElevenSquare.Pending.T03.Batch04.Case1465.Forward.IndependentReplay.Step036Trace.step_trace' depends on axioms: [propext,
 Classical.choice,
 Quot.sound]
'ElevenSquare.Pending.T03.Batch04.Case1465.Forward.IndependentReplay.Step037Trace.step_trace' depends on axioms: [propext,
 Classical.choice,
 Quot.sound]
'ElevenSquare.Pending.T03.Batch04.Case1465.Forward.IndependentReplay.Step038Trace.step_trace' depends on axioms: [propext,
 Classical.choice,
 Quot.sound]
'ElevenSquare.Pending.T03.Batch04.Case1465.Forward.IndependentReplay.Step039Trace.step_trace' depends on axioms: [propext,
 Classical.choice,
 Quot.sound]
'ElevenSquare.Pending.T03.Batch04.Case1465.Forward.IndependentReplay.Step040Trace.step_trace' depends on axioms: [propext,
 Classical.choice,
 Quot.sound]
'ElevenSquare.Pending.T03.Batch04.Case1465.Forward.IndependentReplay.Step041Trace.step_trace' depends on axioms: [propext,
 Classical.choice,
 Quot.sound]
'ElevenSquare.Pending.T03.Batch04.Case1465.Forward.IndependentReplay.Step042Trace.step_trace' depends on axioms: [propext,
 Classical.choice,
 Quot.sound]
'ElevenSquare.Pending.T03.Batch04.Case1465.Forward.IndependentReplay.Step043Trace.step_trace' depends on axioms: [propext,
 Classical.choice,
 Quot.sound]
'ElevenSquare.Pending.T03.Batch04.Case1465.Forward.IndependentReplay.Step044Trace.step_trace' depends on axioms: [propext,
 Classical.choice,
 Quot.sound]
'ElevenSquare.Pending.T03.Batch04.Case1465.Forward.IndependentReplay.Step045Trace.step_trace' depends on axioms: [propext,
 Classical.choice,
 Quot.sound]
'ElevenSquare.Pending.T03.Batch04.Case1465.Forward.IndependentReplay.Step046Trace.step_trace' depends on axioms: [propext,
 Classical.choice,
 Quot.sound]
'ElevenSquare.Pending.T03.Batch04.Case1465.Forward.IndependentReplay.Step047Trace.step_trace' depends on axioms: [propext,
 Classical.choice,
 Quot.sound]
'ElevenSquare.Pending.T03.Batch04.Case1465.Forward.IndependentReplay.Step048Trace.step_trace' depends on axioms: [propext,
 Classical.choice,
 Quot.sound]
'ElevenSquare.Pending.T03.Batch04.Case1465.Forward.IndependentReplay.Step049Trace.step_trace' depends on axioms: [propext,
 Classical.choice,
 Quot.sound]
'ElevenSquare.Pending.T03.Batch04.Case1465.Forward.IndependentReplay.Step050Trace.step_trace' depends on axioms: [propext,
 Classical.choice,
 Quot.sound]
'ElevenSquare.Pending.T03.Batch04.Case1465.Forward.IndependentReplay.Step051Trace.step_trace' depends on axioms: [propext,
 Classical.choice,
 Quot.sound]
'ElevenSquare.Pending.T03.Batch04.Case1465.Forward.IndependentReplay.Step052Trace.step_trace' depends on axioms: [propext,
 Classical.choice,
 Quot.sound]
'ElevenSquare.Pending.T03.Batch04.Case1465.Forward.IndependentReplay.Step053Trace.step_trace' depends on axioms: [propext,
 Classical.choice,
 Quot.sound]
'ElevenSquare.Pending.T03.Batch04.Case1465.Forward.IndependentReplay.Step054Trace.step_trace' depends on axioms: [propext,
 Classical.choice,
 Quot.sound]
'ElevenSquare.Pending.T03.Batch04.Case1465.Forward.IndependentReplay.Step055Trace.step_trace' depends on axioms: [propext,
 Classical.choice,
 Quot.sound]
'ElevenSquare.Pending.T03.Batch04.Case1465.Forward.IndependentReplay.Step056Trace.step_trace' depends on axioms: [propext,
 Classical.choice,
 Quot.sound]
'ElevenSquare.Pending.T03.Batch04.Case1465.Forward.IndependentReplay.Step057Trace.step_trace' depends on axioms: [propext,
 Classical.choice,
 Quot.sound]
'ElevenSquare.Pending.T03.Batch04.Case1465.Forward.IndependentReplay.Step058Trace.step_trace' depends on axioms: [propext,
 Classical.choice,
 Quot.sound]
'ElevenSquare.Pending.T03.Batch04.Case1465.Forward.IndependentReplay.Step059Trace.step_trace' depends on axioms: [propext,
 Classical.choice,
 Quot.sound]
'ElevenSquare.Pending.T03.Batch04.Case1465.Forward.IndependentReplay.Step060Trace.step_trace' depends on axioms: [propext,
 Classical.choice,
 Quot.sound]
'ElevenSquare.Pending.T03.Batch04.Case1465.Forward.IndependentReplay.Step061Trace.step_trace' depends on axioms: [propext,
 Classical.choice,
 Quot.sound]
'ElevenSquare.Pending.T03.Batch04.Case1465.Forward.IndependentReplay.Step062Trace.step_trace' depends on axioms: [propext,
 Classical.choice,
 Quot.sound]
'ElevenSquare.Pending.T03.Batch04.Case1465.Forward.IndependentReplay.Step063Trace.step_trace' depends on axioms: [propext,
 Classical.choice,
 Quot.sound]
'ElevenSquare.Pending.T03.Batch04.Case1465.Forward.IndependentReplay.Step064Trace.step_trace' depends on axioms: [propext,
 Classical.choice,
 Quot.sound]
'ElevenSquare.Pending.T03.Batch04.Case1465.Forward.IndependentReplay.Step065Trace.step_trace' depends on axioms: [propext,
 Classical.choice,
 Quot.sound]
'ElevenSquare.Pending.T03.Batch04.Case1465.Forward.IndependentReplay.Step066Trace.step_trace' depends on axioms: [propext,
 Classical.choice,
 Quot.sound]
'ElevenSquare.Pending.T03.Batch04.Case1465.Forward.IndependentReplay.Step067Trace.step_trace' depends on axioms: [propext,
 Classical.choice,
 Quot.sound]
'ElevenSquare.Pending.T03.Batch04.Case1465.Forward.IndependentReplay.Step068Trace.step_trace' depends on axioms: [propext,
 Classical.choice,
 Quot.sound]
'ElevenSquare.Pending.T03.Batch04.Case1465.Forward.IndependentReplay.Step069Trace.step_trace' depends on axioms: [propext,
 Classical.choice,
 Quot.sound]
'ElevenSquare.Pending.T03.Batch04.Case1465.Forward.IndependentReplay.Step070Trace.step_trace' depends on axioms: [propext,
 Classical.choice,
 Quot.sound]
'ElevenSquare.Pending.T03.Batch04.Case1465.Forward.IndependentReplay.Step071Trace.step_trace' depends on axioms: [propext,
 Classical.choice,
 Quot.sound]
'ElevenSquare.Pending.T03.Batch04.Case1465.Forward.IndependentReplay.Step072Trace.step_trace' depends on axioms: [propext,
 Classical.choice,
 Quot.sound]
'ElevenSquare.Pending.T03.Batch04.Case1465.Forward.IndependentReplay.Step073Trace.step_trace' depends on axioms: [propext,
 Classical.choice,
 Quot.sound]
'ElevenSquare.Pending.T03.Batch04.Case1465.Forward.IndependentReplay.Step074Trace.step_trace' depends on axioms: [propext,
 Classical.choice,
 Quot.sound]
